// Jest Snapshot v1, https://goo.gl/fbAQLP

exports[`Character component renders Character 1`] = `
<DocumentFragment>
  <div>
    <h1>
       Arnold 
    </h1>
    <img
      src="test.png"
    />
  </div>
</DocumentFragment>
`;
